// Jest Snapshot v1, https://goo.gl/fbAQLP

exports[`it should render MainPage component will null values 1`] = `
<MainPage
  robots={Array []}
  searchField=""
>
  <h1
    className="tc"
  >
    LOADING...
  </h1>
</MainPage>
`;
